

================================================================
== Vitis HLS Report for 'dense_array_ap_fixed_64u_array_ap_fixed_16_6_5_3_0_32u_config4_s'
================================================================
* Date:           Tue Sep 29 13:25:36 2026

* Version:        2025.2 (Build 6295257 on Nov 14 2025)
* Project:        myproject_prj
* Solution:       solution1 (Vivado IP Flow Target)
* Product family: zynquplus
* Target device:  xczu7ev-ffvc1156-2-e


================================================================
== Performance Estimates
================================================================
+ Timing: 
    * Summary: 
    +--------+----------+----------+------------+
    |  Clock |  Target  | Estimated| Uncertainty|
    +--------+----------+----------+------------+
    |ap_clk  |  10.00 ns|  7.023 ns|     2.70 ns|
    +--------+----------+----------+------------+

+ Latency: 
    * Summary: 
    +---------+---------+-----------+-----------+-----+-----+---------+
    |  Latency (cycles) |   Latency (absolute)  |  Interval | Pipeline|
    |   min   |   max   |    min    |    max    | min | max |   Type  |
    +---------+---------+-----------+-----------+-----+-----+---------+
    |        2|        2|  20.000 ns|  20.000 ns|    2|    2|       no|
    +---------+---------+-----------+-----------+-----+-----+---------+

    + Detail: 
        * Instance: 
        +----------------------------------------------------------------------------+-----------------------------------------------------------------+---------+---------+-----------+-----------+-----+-----+---------+
        |                                                                            |                                                                 |  Latency (cycles) |   Latency (absolute)  |  Interval | Pipeline|
        |                                  Instance                                  |                              Module                             |   min   |   max   |    min    |    max    | min | max |   Type  |
        +----------------------------------------------------------------------------+-----------------------------------------------------------------+---------+---------+-----------+-----------+-----+-----+---------+
        |grp_dense_latency_ap_fixed_16_6_5_3_0_ap_fixed_16_6_5_3_0_config4_s_fu_289  |dense_latency_ap_fixed_16_6_5_3_0_ap_fixed_16_6_5_3_0_config4_s  |        1|        1|  10.000 ns|  10.000 ns|    1|    1|      yes|
        +----------------------------------------------------------------------------+-----------------------------------------------------------------+---------+---------+-----------+-----------+-----+-----+---------+

        * Loop: 
        N/A



================================================================
== Utilization Estimates
================================================================
* Summary: 
+-----------------+---------+------+--------+--------+-----+
|       Name      | BRAM_18K|  DSP |   FF   |   LUT  | URAM|
+-----------------+---------+------+--------+--------+-----+
|DSP              |        -|     -|       -|       -|    -|
|Expression       |        -|     -|       0|       2|    -|
|FIFO             |        -|     -|       -|       -|    -|
|Instance         |        -|  1509|     546|   60708|    -|
|Memory           |        -|     -|       -|       -|    -|
|Multiplexer      |        -|     -|       0|      56|    -|
|Register         |        -|     -|    1030|       -|    -|
+-----------------+---------+------+--------+--------+-----+
|Total            |        0|  1509|    1576|   60766|    0|
+-----------------+---------+------+--------+--------+-----+
|Available        |      624|  1728|  460800|  230400|   96|
+-----------------+---------+------+--------+--------+-----+
|Utilization (%)  |        0|    87|      ~0|      26|    0|
+-----------------+---------+------+--------+--------+-----+

+ Detail: 
    * Instance: 
    +----------------------------------------------------------------------------+-----------------------------------------------------------------+---------+------+-----+-------+-----+
    |                                  Instance                                  |                              Module                             | BRAM_18K|  DSP |  FF |  LUT  | URAM|
    +----------------------------------------------------------------------------+-----------------------------------------------------------------+---------+------+-----+-------+-----+
    |grp_dense_latency_ap_fixed_16_6_5_3_0_ap_fixed_16_6_5_3_0_config4_s_fu_289  |dense_latency_ap_fixed_16_6_5_3_0_ap_fixed_16_6_5_3_0_config4_s  |        0|  1509|  546|  60708|    0|
    +----------------------------------------------------------------------------+-----------------------------------------------------------------+---------+------+-----+-------+-----+
    |Total                                                                       |                                                                 |        0|  1509|  546|  60708|    0|
    +----------------------------------------------------------------------------+-----------------------------------------------------------------+---------+------+-----+-------+-----+

    * DSP: 
    N/A

    * Memory: 
    N/A

    * FIFO: 
    N/A

    * Expression: 
    +-----------------+----------+----+---+----+------------+------------+
    |  Variable Name  | Operation| DSP| FF| LUT| Bitwidth P0| Bitwidth P1|
    +-----------------+----------+----+---+----+------------+------------+
    |ap_block_state1  |        or|   0|  0|   2|           1|           1|
    +-----------------+----------+----+---+----+------------+------------+
    |Total            |          |   0|  0|   2|           1|           1|
    +-----------------+----------+----+---+----+------------+------------+

    * Multiplexer: 
    +------------------+----+-----------+-----+-----------+
    |       Name       | LUT| Input Size| Bits| Total Bits|
    +------------------+----+-----------+-----+-----------+
    |ap_NS_fsm         |  20|          4|    1|          4|
    |ap_done           |   9|          2|    1|          2|
    |layer3_out_blk_n  |   9|          2|    1|          2|
    |layer4_out_blk_n  |   9|          2|    1|          2|
    |real_start        |   9|          2|    1|          2|
    +------------------+----+-----------+-----+-----------+
    |Total             |  56|         12|    5|         12|
    +------------------+----+-----------+-----+-----------+

    * Register: 
    +-----------------------------------------------------------------------------------------+----+----+-----+-----------+
    |                                           Name                                          | FF | LUT| Bits| Const Bits|
    +-----------------------------------------------------------------------------------------+----+----+-----+-----------+
    |ap_CS_fsm                                                                                |   3|   0|    3|          0|
    |ap_done_reg                                                                              |   1|   0|    1|          0|
    |data_10_reg_1243                                                                         |  16|   0|   16|          0|
    |data_11_reg_1248                                                                         |  16|   0|   16|          0|
    |data_12_reg_1253                                                                         |  16|   0|   16|          0|
    |data_13_reg_1258                                                                         |  16|   0|   16|          0|
    |data_14_reg_1263                                                                         |  16|   0|   16|          0|
    |data_15_reg_1268                                                                         |  16|   0|   16|          0|
    |data_16_reg_1273                                                                         |  16|   0|   16|          0|
    |data_17_reg_1278                                                                         |  16|   0|   16|          0|
    |data_18_reg_1283                                                                         |  16|   0|   16|          0|
    |data_19_reg_1288                                                                         |  16|   0|   16|          0|
    |data_1_reg_1193                                                                          |  16|   0|   16|          0|
    |data_20_reg_1293                                                                         |  16|   0|   16|          0|
    |data_21_reg_1298                                                                         |  16|   0|   16|          0|
    |data_22_reg_1303                                                                         |  16|   0|   16|          0|
    |data_23_reg_1308                                                                         |  16|   0|   16|          0|
    |data_24_reg_1313                                                                         |  16|   0|   16|          0|
    |data_25_reg_1318                                                                         |  16|   0|   16|          0|
    |data_26_reg_1323                                                                         |  16|   0|   16|          0|
    |data_27_reg_1328                                                                         |  16|   0|   16|          0|
    |data_28_reg_1333                                                                         |  16|   0|   16|          0|
    |data_29_reg_1338                                                                         |  16|   0|   16|          0|
    |data_2_reg_1198                                                                          |  16|   0|   16|          0|
    |data_30_reg_1343                                                                         |  16|   0|   16|          0|
    |data_31_reg_1348                                                                         |  16|   0|   16|          0|
    |data_32_reg_1353                                                                         |  16|   0|   16|          0|
    |data_33_reg_1358                                                                         |  16|   0|   16|          0|
    |data_34_reg_1363                                                                         |  16|   0|   16|          0|
    |data_35_reg_1368                                                                         |  16|   0|   16|          0|
    |data_36_reg_1373                                                                         |  16|   0|   16|          0|
    |data_37_reg_1378                                                                         |  16|   0|   16|          0|
    |data_38_reg_1383                                                                         |  16|   0|   16|          0|
    |data_39_reg_1388                                                                         |  16|   0|   16|          0|
    |data_3_reg_1203                                                                          |  16|   0|   16|          0|
    |data_40_reg_1393                                                                         |  16|   0|   16|          0|
    |data_41_reg_1398                                                                         |  16|   0|   16|          0|
    |data_42_reg_1403                                                                         |  16|   0|   16|          0|
    |data_43_reg_1408                                                                         |  16|   0|   16|          0|
    |data_44_reg_1413                                                                         |  16|   0|   16|          0|
    |data_45_reg_1418                                                                         |  16|   0|   16|          0|
    |data_46_reg_1423                                                                         |  16|   0|   16|          0|
    |data_47_reg_1428                                                                         |  16|   0|   16|          0|
    |data_48_reg_1433                                                                         |  16|   0|   16|          0|
    |data_49_reg_1438                                                                         |  16|   0|   16|          0|
    |data_4_reg_1208                                                                          |  16|   0|   16|          0|
    |data_50_reg_1443                                                                         |  16|   0|   16|          0|
    |data_51_reg_1448                                                                         |  16|   0|   16|          0|
    |data_52_reg_1453                                                                         |  16|   0|   16|          0|
    |data_53_reg_1458                                                                         |  16|   0|   16|          0|
    |data_54_reg_1463                                                                         |  16|   0|   16|          0|
    |data_55_reg_1468                                                                         |  16|   0|   16|          0|
    |data_56_reg_1473                                                                         |  16|   0|   16|          0|
    |data_57_reg_1478                                                                         |  16|   0|   16|          0|
    |data_58_reg_1483                                                                         |  16|   0|   16|          0|
    |data_59_reg_1488                                                                         |  16|   0|   16|          0|
    |data_5_reg_1213                                                                          |  16|   0|   16|          0|
    |data_60_reg_1493                                                                         |  16|   0|   16|          0|
    |data_61_reg_1498                                                                         |  16|   0|   16|          0|
    |data_62_reg_1503                                                                         |  16|   0|   16|          0|
    |data_63_reg_1238                                                                         |  16|   0|   16|          0|
    |data_6_reg_1218                                                                          |  16|   0|   16|          0|
    |data_7_reg_1223                                                                          |  16|   0|   16|          0|
    |data_8_reg_1228                                                                          |  16|   0|   16|          0|
    |data_9_reg_1233                                                                          |  16|   0|   16|          0|
    |data_reg_1188                                                                            |  16|   0|   16|          0|
    |grp_dense_latency_ap_fixed_16_6_5_3_0_ap_fixed_16_6_5_3_0_config4_s_fu_289_ap_start_reg  |   1|   0|    1|          0|
    |start_once_reg                                                                           |   1|   0|    1|          0|
    +-----------------------------------------------------------------------------------------+----+----+-----+-----------+
    |Total                                                                                    |1030|   0| 1030|          0|
    +-----------------------------------------------------------------------------------------+----+----+-----+-----------+



================================================================
== Interface
================================================================
* Summary: 
+---------------------------+-----+------+------------+--------------------------------------------------------------------+--------------+
|         RTL Ports         | Dir | Bits |  Protocol  |                            Source Object                           |    C Type    |
+---------------------------+-----+------+------------+--------------------------------------------------------------------+--------------+
|ap_clk                     |   in|     1|  ap_ctrl_hs|  dense<array<ap_fixed,64u>,array<ap_fixed<16,6,5,3,0>,32u>,config4>|  return value|
|ap_rst                     |   in|     1|  ap_ctrl_hs|  dense<array<ap_fixed,64u>,array<ap_fixed<16,6,5,3,0>,32u>,config4>|  return value|
|ap_start                   |   in|     1|  ap_ctrl_hs|  dense<array<ap_fixed,64u>,array<ap_fixed<16,6,5,3,0>,32u>,config4>|  return value|
|start_full_n               |   in|     1|  ap_ctrl_hs|  dense<array<ap_fixed,64u>,array<ap_fixed<16,6,5,3,0>,32u>,config4>|  return value|
|ap_done                    |  out|     1|  ap_ctrl_hs|  dense<array<ap_fixed,64u>,array<ap_fixed<16,6,5,3,0>,32u>,config4>|  return value|
|ap_continue                |   in|     1|  ap_ctrl_hs|  dense<array<ap_fixed,64u>,array<ap_fixed<16,6,5,3,0>,32u>,config4>|  return value|
|ap_idle                    |  out|     1|  ap_ctrl_hs|  dense<array<ap_fixed,64u>,array<ap_fixed<16,6,5,3,0>,32u>,config4>|  return value|
|ap_ready                   |  out|     1|  ap_ctrl_hs|  dense<array<ap_fixed,64u>,array<ap_fixed<16,6,5,3,0>,32u>,config4>|  return value|
|start_out                  |  out|     1|  ap_ctrl_hs|  dense<array<ap_fixed,64u>,array<ap_fixed<16,6,5,3,0>,32u>,config4>|  return value|
|start_write                |  out|     1|  ap_ctrl_hs|  dense<array<ap_fixed,64u>,array<ap_fixed<16,6,5,3,0>,32u>,config4>|  return value|
|layer3_out_dout            |   in|  1024|     ap_fifo|                                                          layer3_out|       pointer|
|layer3_out_empty_n         |   in|     1|     ap_fifo|                                                          layer3_out|       pointer|
|layer3_out_read            |  out|     1|     ap_fifo|                                                          layer3_out|       pointer|
|layer3_out_num_data_valid  |   in|     2|     ap_fifo|                                                          layer3_out|       pointer|
|layer3_out_fifo_cap        |   in|     2|     ap_fifo|                                                          layer3_out|       pointer|
|layer4_out_din             |  out|   512|     ap_fifo|                                                          layer4_out|       pointer|
|layer4_out_full_n          |   in|     1|     ap_fifo|                                                          layer4_out|       pointer|
|layer4_out_write           |  out|     1|     ap_fifo|                                                          layer4_out|       pointer|
|layer4_out_num_data_valid  |   in|     2|     ap_fifo|                                                          layer4_out|       pointer|
|layer4_out_fifo_cap        |   in|     2|     ap_fifo|                                                          layer4_out|       pointer|
+---------------------------+-----+------+------------+--------------------------------------------------------------------+--------------+

