

================================================================
== Vitis HLS Report for 'dense_array_ap_fixed_32u_array_ap_fixed_16_6_5_3_0_32u_config6_s'
================================================================
* Date:           Tue Sep 29 13:25:40 2026

* Version:        2025.2 (Build 6295257 on Nov 14 2025)
* Project:        myproject_prj
* Solution:       solution1 (Vivado IP Flow Target)
* Product family: zynquplus
* Target device:  xczu7ev-ffvc1156-2-e


================================================================
== Performance Estimates
================================================================
+ Timing: 
    * Summary: 
    +--------+----------+----------+------------+
    |  Clock |  Target  | Estimated| Uncertainty|
    +--------+----------+----------+------------+
    |ap_clk  |  10.00 ns|  6.912 ns|     2.70 ns|
    +--------+----------+----------+------------+

+ Latency: 
    * Summary: 
    +---------+---------+-----------+-----------+-----+-----+---------+
    |  Latency (cycles) |   Latency (absolute)  |  Interval | Pipeline|
    |   min   |   max   |    min    |    max    | min | max |   Type  |
    +---------+---------+-----------+-----------+-----+-----+---------+
    |        2|        2|  20.000 ns|  20.000 ns|    2|    2|       no|
    +---------+---------+-----------+-----------+-----+-----+---------+

    + Detail: 
        * Instance: 
        +---------------------------------------------------------------------------------+-----------------------------------------------------------------+---------+---------+----------+----------+-----+-----+---------+
        |                                                                                 |                                                                 |  Latency (cycles) |  Latency (absolute) |  Interval | Pipeline|
        |                                     Instance                                    |                              Module                             |   min   |   max   |    min   |    max   | min | max |   Type  |
        +---------------------------------------------------------------------------------+-----------------------------------------------------------------+---------+---------+----------+----------+-----+-----+---------+
        |call_ret_dense_latency_ap_fixed_16_6_5_3_0_ap_fixed_16_6_5_3_0_config6_s_fu_161  |dense_latency_ap_fixed_16_6_5_3_0_ap_fixed_16_6_5_3_0_config6_s  |        0|        0|      0 ns|      0 ns|    1|    1|      yes|
        +---------------------------------------------------------------------------------+-----------------------------------------------------------------+---------+---------+----------+----------+-----+-----+---------+

        * Loop: 
        N/A



================================================================
== Utilization Estimates
================================================================
* Summary: 
+-----------------+---------+------+--------+--------+-----+
|       Name      | BRAM_18K|  DSP |   FF   |   LUT  | URAM|
+-----------------+---------+------+--------+--------+-----+
|DSP              |        -|     -|       -|       -|    -|
|Expression       |        -|     -|       0|       2|    -|
|FIFO             |        -|     -|       -|       -|    -|
|Instance         |        -|   810|       0|   29083|    -|
|Memory           |        -|     -|       -|       -|    -|
|Multiplexer      |        -|     -|       0|      56|    -|
|Register         |        -|     -|    1029|       -|    -|
+-----------------+---------+------+--------+--------+-----+
|Total            |        0|   810|    1029|   29141|    0|
+-----------------+---------+------+--------+--------+-----+
|Available        |      624|  1728|  460800|  230400|   96|
+-----------------+---------+------+--------+--------+-----+
|Utilization (%)  |        0|    46|      ~0|      12|    0|
+-----------------+---------+------+--------+--------+-----+

+ Detail: 
    * Instance: 
    +---------------------------------------------------------------------------------+-----------------------------------------------------------------+---------+-----+---+-------+-----+
    |                                     Instance                                    |                              Module                             | BRAM_18K| DSP | FF|  LUT  | URAM|
    +---------------------------------------------------------------------------------+-----------------------------------------------------------------+---------+-----+---+-------+-----+
    |call_ret_dense_latency_ap_fixed_16_6_5_3_0_ap_fixed_16_6_5_3_0_config6_s_fu_161  |dense_latency_ap_fixed_16_6_5_3_0_ap_fixed_16_6_5_3_0_config6_s  |        0|  810|  0|  29083|    0|
    +---------------------------------------------------------------------------------+-----------------------------------------------------------------+---------+-----+---+-------+-----+
    |Total                                                                            |                                                                 |        0|  810|  0|  29083|    0|
    +---------------------------------------------------------------------------------+-----------------------------------------------------------------+---------+-----+---+-------+-----+

    * DSP: 
    N/A

    * Memory: 
    N/A

    * FIFO: 
    N/A

    * Expression: 
    +-----------------+----------+----+---+----+------------+------------+
    |  Variable Name  | Operation| DSP| FF| LUT| Bitwidth P0| Bitwidth P1|
    +-----------------+----------+----+---+----+------------+------------+
    |ap_block_state1  |        or|   0|  0|   2|           1|           1|
    +-----------------+----------+----+---+----+------------+------------+
    |Total            |          |   0|  0|   2|           1|           1|
    +-----------------+----------+----+---+----+------------+------------+

    * Multiplexer: 
    +------------------+----+-----------+-----+-----------+
    |       Name       | LUT| Input Size| Bits| Total Bits|
    +------------------+----+-----------+-----+-----------+
    |ap_NS_fsm         |  20|          4|    1|          4|
    |ap_done           |   9|          2|    1|          2|
    |layer5_out_blk_n  |   9|          2|    1|          2|
    |layer6_out_blk_n  |   9|          2|    1|          2|
    |real_start        |   9|          2|    1|          2|
    +------------------+----+-----------+-----+-----------+
    |Total             |  56|         12|    5|         12|
    +------------------+----+-----------+-----+-----------+

    * Register: 
    +------------------+----+----+-----+-----------+
    |       Name       | FF | LUT| Bits| Const Bits|
    +------------------+----+----+-----+-----------+
    |ap_CS_fsm         |   3|   0|    3|          0|
    |ap_done_reg       |   1|   0|    1|          0|
    |data_100_reg_721  |  16|   0|   16|          0|
    |data_101_reg_726  |  16|   0|   16|          0|
    |data_102_reg_731  |  16|   0|   16|          0|
    |data_103_reg_736  |  16|   0|   16|          0|
    |data_104_reg_741  |  16|   0|   16|          0|
    |data_105_reg_746  |  16|   0|   16|          0|
    |data_106_reg_751  |  16|   0|   16|          0|
    |data_107_reg_756  |  16|   0|   16|          0|
    |data_108_reg_761  |  16|   0|   16|          0|
    |data_109_reg_766  |  16|   0|   16|          0|
    |data_110_reg_771  |  16|   0|   16|          0|
    |data_111_reg_776  |  16|   0|   16|          0|
    |data_112_reg_781  |  16|   0|   16|          0|
    |data_113_reg_786  |  16|   0|   16|          0|
    |data_114_reg_791  |  16|   0|   16|          0|
    |data_115_reg_796  |  16|   0|   16|          0|
    |data_116_reg_801  |  16|   0|   16|          0|
    |data_117_reg_806  |  16|   0|   16|          0|
    |data_118_reg_811  |  16|   0|   16|          0|
    |data_119_reg_816  |  16|   0|   16|          0|
    |data_120_reg_821  |  16|   0|   16|          0|
    |data_121_reg_826  |  16|   0|   16|          0|
    |data_122_reg_831  |  16|   0|   16|          0|
    |data_123_reg_681  |  16|   0|   16|          0|
    |data_93_reg_686   |  16|   0|   16|          0|
    |data_94_reg_691   |  16|   0|   16|          0|
    |data_95_reg_696   |  16|   0|   16|          0|
    |data_96_reg_701   |  16|   0|   16|          0|
    |data_97_reg_706   |  16|   0|   16|          0|
    |data_98_reg_711   |  16|   0|   16|          0|
    |data_99_reg_716   |  16|   0|   16|          0|
    |data_reg_676      |  16|   0|   16|          0|
    |res_1_reg_841     |  16|   0|   16|          0|
    |res_2_reg_846     |  16|   0|   16|          0|
    |res_32_reg_886    |  16|   0|   16|          0|
    |res_33_reg_891    |  16|   0|   16|          0|
    |res_34_reg_896    |  16|   0|   16|          0|
    |res_35_reg_901    |  16|   0|   16|          0|
    |res_36_reg_906    |  16|   0|   16|          0|
    |res_37_reg_911    |  16|   0|   16|          0|
    |res_38_reg_916    |  16|   0|   16|          0|
    |res_39_reg_921    |  16|   0|   16|          0|
    |res_3_reg_851     |  16|   0|   16|          0|
    |res_40_reg_926    |  16|   0|   16|          0|
    |res_41_reg_931    |  16|   0|   16|          0|
    |res_42_reg_936    |  16|   0|   16|          0|
    |res_43_reg_941    |  16|   0|   16|          0|
    |res_44_reg_946    |  16|   0|   16|          0|
    |res_45_reg_951    |  16|   0|   16|          0|
    |res_46_reg_956    |  16|   0|   16|          0|
    |res_47_reg_961    |  16|   0|   16|          0|
    |res_48_reg_966    |  16|   0|   16|          0|
    |res_49_reg_971    |  16|   0|   16|          0|
    |res_4_reg_856     |  16|   0|   16|          0|
    |res_50_reg_976    |  16|   0|   16|          0|
    |res_51_reg_981    |  16|   0|   16|          0|
    |res_52_reg_986    |  16|   0|   16|          0|
    |res_53_reg_991    |  16|   0|   16|          0|
    |res_5_reg_861     |  16|   0|   16|          0|
    |res_6_reg_866     |  16|   0|   16|          0|
    |res_7_reg_871     |  16|   0|   16|          0|
    |res_8_reg_876     |  16|   0|   16|          0|
    |res_9_reg_881     |  16|   0|   16|          0|
    |res_reg_836       |  16|   0|   16|          0|
    |start_once_reg    |   1|   0|    1|          0|
    +------------------+----+----+-----+-----------+
    |Total             |1029|   0| 1029|          0|
    +------------------+----+----+-----+-----------+



================================================================
== Interface
================================================================
* Summary: 
+---------------------------+-----+-----+------------+--------------------------------------------------------------------+--------------+
|         RTL Ports         | Dir | Bits|  Protocol  |                            Source Object                           |    C Type    |
+---------------------------+-----+-----+------------+--------------------------------------------------------------------+--------------+
|ap_clk                     |   in|    1|  ap_ctrl_hs|  dense<array<ap_fixed,32u>,array<ap_fixed<16,6,5,3,0>,32u>,config6>|  return value|
|ap_rst                     |   in|    1|  ap_ctrl_hs|  dense<array<ap_fixed,32u>,array<ap_fixed<16,6,5,3,0>,32u>,config6>|  return value|
|ap_start                   |   in|    1|  ap_ctrl_hs|  dense<array<ap_fixed,32u>,array<ap_fixed<16,6,5,3,0>,32u>,config6>|  return value|
|start_full_n               |   in|    1|  ap_ctrl_hs|  dense<array<ap_fixed,32u>,array<ap_fixed<16,6,5,3,0>,32u>,config6>|  return value|
|ap_done                    |  out|    1|  ap_ctrl_hs|  dense<array<ap_fixed,32u>,array<ap_fixed<16,6,5,3,0>,32u>,config6>|  return value|
|ap_continue                |   in|    1|  ap_ctrl_hs|  dense<array<ap_fixed,32u>,array<ap_fixed<16,6,5,3,0>,32u>,config6>|  return value|
|ap_idle                    |  out|    1|  ap_ctrl_hs|  dense<array<ap_fixed,32u>,array<ap_fixed<16,6,5,3,0>,32u>,config6>|  return value|
|ap_ready                   |  out|    1|  ap_ctrl_hs|  dense<array<ap_fixed,32u>,array<ap_fixed<16,6,5,3,0>,32u>,config6>|  return value|
|start_out                  |  out|    1|  ap_ctrl_hs|  dense<array<ap_fixed,32u>,array<ap_fixed<16,6,5,3,0>,32u>,config6>|  return value|
|start_write                |  out|    1|  ap_ctrl_hs|  dense<array<ap_fixed,32u>,array<ap_fixed<16,6,5,3,0>,32u>,config6>|  return value|
|layer5_out_dout            |   in|  512|     ap_fifo|                                                          layer5_out|       pointer|
|layer5_out_empty_n         |   in|    1|     ap_fifo|                                                          layer5_out|       pointer|
|layer5_out_read            |  out|    1|     ap_fifo|                                                          layer5_out|       pointer|
|layer5_out_num_data_valid  |   in|    2|     ap_fifo|                                                          layer5_out|       pointer|
|layer5_out_fifo_cap        |   in|    2|     ap_fifo|                                                          layer5_out|       pointer|
|layer6_out_din             |  out|  512|     ap_fifo|                                                          layer6_out|       pointer|
|layer6_out_full_n          |   in|    1|     ap_fifo|                                                          layer6_out|       pointer|
|layer6_out_write           |  out|    1|     ap_fifo|                                                          layer6_out|       pointer|
|layer6_out_num_data_valid  |   in|    2|     ap_fifo|                                                          layer6_out|       pointer|
|layer6_out_fifo_cap        |   in|    2|     ap_fifo|                                                          layer6_out|       pointer|
+---------------------------+-----+-----+------------+--------------------------------------------------------------------+--------------+

