

================================================================
== Vitis HLS Report for 'dense_latency_ap_fixed_16_6_5_3_0_ap_fixed_16_6_5_3_0_config8_s'
================================================================
* Date:           Tue Sep 29 13:25:41 2026

* Version:        2025.2 (Build 6295257 on Nov 14 2025)
* Project:        myproject_prj
* Solution:       solution1 (Vivado IP Flow Target)
* Product family: zynquplus
* Target device:  xczu7ev-ffvc1156-2-e


================================================================
== Performance Estimates
================================================================
+ Timing: 
    * Summary: 
    +--------+----------+----------+------------+
    |  Clock |  Target  | Estimated| Uncertainty|
    +--------+----------+----------+------------+
    |ap_clk  |  10.00 ns|  6.247 ns|     2.70 ns|
    +--------+----------+----------+------------+

+ Latency: 
    * Summary: 
    +---------+---------+----------+----------+-----+-----+---------+
    |  Latency (cycles) |  Latency (absolute) |  Interval | Pipeline|
    |   min   |   max   |    min   |    max   | min | max |   Type  |
    +---------+---------+----------+----------+-----+-----+---------+
    |        0|        0|      0 ns|      0 ns|    1|    1|      yes|
    +---------+---------+----------+----------+-----+-----+---------+

    + Detail: 
        * Instance: 
        N/A

        * Loop: 
        N/A



================================================================
== Utilization Estimates
================================================================
* Summary: 
+-----------------+---------+------+--------+--------+-----+
|       Name      | BRAM_18K|  DSP |   FF   |   LUT  | URAM|
+-----------------+---------+------+--------+--------+-----+
|DSP              |        -|     -|       -|       -|    -|
|Expression       |        -|     -|       0|    4018|    -|
|FIFO             |        -|     -|       -|       -|    -|
|Instance         |        -|   129|       0|     645|    -|
|Memory           |        -|     -|       -|       -|    -|
|Multiplexer      |        -|     -|       -|       -|    -|
|Register         |        -|     -|       -|       -|    -|
+-----------------+---------+------+--------+--------+-----+
|Total            |        0|   129|       0|    4663|    0|
+-----------------+---------+------+--------+--------+-----+
|Available        |      624|  1728|  460800|  230400|   96|
+-----------------+---------+------+--------+--------+-----+
|Utilization (%)  |        0|     7|       0|       2|    0|
+-----------------+---------+------+--------+--------+-----+

+ Detail: 
    * Instance: 
    +---------------------------+---------------------+---------+----+---+----+-----+
    |          Instance         |        Module       | BRAM_18K| DSP| FF| LUT| URAM|
    +---------------------------+---------------------+---------+----+---+----+-----+
    |mul_16s_10ns_26_1_1_U3360  |mul_16s_10ns_26_1_1  |        0|   1|  0|   5|    0|
    |mul_16s_10ns_26_1_1_U3379  |mul_16s_10ns_26_1_1  |        0|   1|  0|   5|    0|
    |mul_16s_10ns_26_1_1_U3380  |mul_16s_10ns_26_1_1  |        0|   1|  0|   5|    0|
    |mul_16s_10ns_26_1_1_U3381  |mul_16s_10ns_26_1_1  |        0|   1|  0|   5|    0|
    |mul_16s_10ns_26_1_1_U3382  |mul_16s_10ns_26_1_1  |        0|   1|  0|   5|    0|
    |mul_16s_10ns_26_1_1_U3385  |mul_16s_10ns_26_1_1  |        0|   1|  0|   5|    0|
    |mul_16s_10ns_26_1_1_U3399  |mul_16s_10ns_26_1_1  |        0|   1|  0|   5|    0|
    |mul_16s_10ns_26_1_1_U3403  |mul_16s_10ns_26_1_1  |        0|   1|  0|   5|    0|
    |mul_16s_10ns_26_1_1_U3416  |mul_16s_10ns_26_1_1  |        0|   1|  0|   5|    0|
    |mul_16s_10ns_26_1_1_U3417  |mul_16s_10ns_26_1_1  |        0|   1|  0|   5|    0|
    |mul_16s_10ns_26_1_1_U3420  |mul_16s_10ns_26_1_1  |        0|   1|  0|   5|    0|
    |mul_16s_10ns_26_1_1_U3430  |mul_16s_10ns_26_1_1  |        0|   1|  0|   5|    0|
    |mul_16s_10ns_26_1_1_U3432  |mul_16s_10ns_26_1_1  |        0|   1|  0|   5|    0|
    |mul_16s_10ns_26_1_1_U3437  |mul_16s_10ns_26_1_1  |        0|   1|  0|   5|    0|
    |mul_16s_10ns_26_1_1_U3441  |mul_16s_10ns_26_1_1  |        0|   1|  0|   5|    0|
    |mul_16s_10ns_26_1_1_U3453  |mul_16s_10ns_26_1_1  |        0|   1|  0|   5|    0|
    |mul_16s_10ns_26_1_1_U3455  |mul_16s_10ns_26_1_1  |        0|   1|  0|   5|    0|
    |mul_16s_10ns_26_1_1_U3459  |mul_16s_10ns_26_1_1  |        0|   1|  0|   5|    0|
    |mul_16s_10ns_26_1_1_U3464  |mul_16s_10ns_26_1_1  |        0|   1|  0|   5|    0|
    |mul_16s_10ns_26_1_1_U3471  |mul_16s_10ns_26_1_1  |        0|   1|  0|   5|    0|
    |mul_16s_10ns_26_1_1_U3472  |mul_16s_10ns_26_1_1  |        0|   1|  0|   5|    0|
    |mul_16s_10s_26_1_1_U3346   |mul_16s_10s_26_1_1   |        0|   1|  0|   5|    0|
    |mul_16s_10s_26_1_1_U3349   |mul_16s_10s_26_1_1   |        0|   1|  0|   5|    0|
    |mul_16s_10s_26_1_1_U3368   |mul_16s_10s_26_1_1   |        0|   1|  0|   5|    0|
    |mul_16s_10s_26_1_1_U3373   |mul_16s_10s_26_1_1   |        0|   1|  0|   5|    0|
    |mul_16s_10s_26_1_1_U3384   |mul_16s_10s_26_1_1   |        0|   1|  0|   5|    0|
    |mul_16s_10s_26_1_1_U3392   |mul_16s_10s_26_1_1   |        0|   1|  0|   5|    0|
    |mul_16s_10s_26_1_1_U3396   |mul_16s_10s_26_1_1   |        0|   1|  0|   5|    0|
    |mul_16s_10s_26_1_1_U3425   |mul_16s_10s_26_1_1   |        0|   1|  0|   5|    0|
    |mul_16s_10s_26_1_1_U3429   |mul_16s_10s_26_1_1   |        0|   1|  0|   5|    0|
    |mul_16s_10s_26_1_1_U3461   |mul_16s_10s_26_1_1   |        0|   1|  0|   5|    0|
    |mul_16s_10s_26_1_1_U3466   |mul_16s_10s_26_1_1   |        0|   1|  0|   5|    0|
    |mul_16s_11ns_26_1_1_U3362  |mul_16s_11ns_26_1_1  |        0|   1|  0|   5|    0|
    |mul_16s_11ns_26_1_1_U3398  |mul_16s_11ns_26_1_1  |        0|   1|  0|   5|    0|
    |mul_16s_11ns_26_1_1_U3418  |mul_16s_11ns_26_1_1  |        0|   1|  0|   5|    0|
    |mul_16s_11ns_26_1_1_U3452  |mul_16s_11ns_26_1_1  |        0|   1|  0|   5|    0|
    |mul_16s_11ns_26_1_1_U3463  |mul_16s_11ns_26_1_1  |        0|   1|  0|   5|    0|
    |mul_16s_11s_26_1_1_U3344   |mul_16s_11s_26_1_1   |        0|   1|  0|   5|    0|
    |mul_16s_11s_26_1_1_U3355   |mul_16s_11s_26_1_1   |        0|   1|  0|   5|    0|
    |mul_16s_11s_26_1_1_U3376   |mul_16s_11s_26_1_1   |        0|   1|  0|   5|    0|
    |mul_16s_11s_26_1_1_U3389   |mul_16s_11s_26_1_1   |        0|   1|  0|   5|    0|
    |mul_16s_11s_26_1_1_U3404   |mul_16s_11s_26_1_1   |        0|   1|  0|   5|    0|
    |mul_16s_11s_26_1_1_U3448   |mul_16s_11s_26_1_1   |        0|   1|  0|   5|    0|
    |mul_16s_11s_26_1_1_U3456   |mul_16s_11s_26_1_1   |        0|   1|  0|   5|    0|
    |mul_16s_11s_26_1_1_U3467   |mul_16s_11s_26_1_1   |        0|   1|  0|   5|    0|
    |mul_16s_12ns_26_1_1_U3366  |mul_16s_12ns_26_1_1  |        0|   1|  0|   5|    0|
    |mul_16s_12ns_26_1_1_U3423  |mul_16s_12ns_26_1_1  |        0|   1|  0|   5|    0|
    |mul_16s_12s_26_1_1_U3350   |mul_16s_12s_26_1_1   |        0|   1|  0|   5|    0|
    |mul_16s_12s_26_1_1_U3419   |mul_16s_12s_26_1_1   |        0|   1|  0|   5|    0|
    |mul_16s_13s_26_1_1_U3405   |mul_16s_13s_26_1_1   |        0|   1|  0|   5|    0|
    |mul_16s_5ns_21_1_1_U3436   |mul_16s_5ns_21_1_1   |        0|   1|  0|   5|    0|
    |mul_16s_6ns_22_1_1_U3374   |mul_16s_6ns_22_1_1   |        0|   1|  0|   5|    0|
    |mul_16s_6ns_22_1_1_U3377   |mul_16s_6ns_22_1_1   |        0|   1|  0|   5|    0|
    |mul_16s_6ns_22_1_1_U3401   |mul_16s_6ns_22_1_1   |        0|   1|  0|   5|    0|
    |mul_16s_6ns_22_1_1_U3426   |mul_16s_6ns_22_1_1   |        0|   1|  0|   5|    0|
    |mul_16s_6s_22_1_1_U3352    |mul_16s_6s_22_1_1    |        0|   1|  0|   5|    0|
    |mul_16s_6s_22_1_1_U3356    |mul_16s_6s_22_1_1    |        0|   1|  0|   5|    0|
    |mul_16s_6s_22_1_1_U3365    |mul_16s_6s_22_1_1    |        0|   1|  0|   5|    0|
    |mul_16s_6s_22_1_1_U3372    |mul_16s_6s_22_1_1    |        0|   1|  0|   5|    0|
    |mul_16s_6s_22_1_1_U3375    |mul_16s_6s_22_1_1    |        0|   1|  0|   5|    0|
    |mul_16s_7ns_23_1_1_U3406   |mul_16s_7ns_23_1_1   |        0|   1|  0|   5|    0|
    |mul_16s_7ns_23_1_1_U3410   |mul_16s_7ns_23_1_1   |        0|   1|  0|   5|    0|
    |mul_16s_7ns_23_1_1_U3427   |mul_16s_7ns_23_1_1   |        0|   1|  0|   5|    0|
    |mul_16s_7ns_23_1_1_U3446   |mul_16s_7ns_23_1_1   |        0|   1|  0|   5|    0|
    |mul_16s_7s_23_1_1_U3367    |mul_16s_7s_23_1_1    |        0|   1|  0|   5|    0|
    |mul_16s_7s_23_1_1_U3370    |mul_16s_7s_23_1_1    |        0|   1|  0|   5|    0|
    |mul_16s_7s_23_1_1_U3424    |mul_16s_7s_23_1_1    |        0|   1|  0|   5|    0|
    |mul_16s_7s_23_1_1_U3465    |mul_16s_7s_23_1_1    |        0|   1|  0|   5|    0|
    |mul_16s_8ns_24_1_1_U3369   |mul_16s_8ns_24_1_1   |        0|   1|  0|   5|    0|
    |mul_16s_8ns_24_1_1_U3371   |mul_16s_8ns_24_1_1   |        0|   1|  0|   5|    0|
    |mul_16s_8ns_24_1_1_U3387   |mul_16s_8ns_24_1_1   |        0|   1|  0|   5|    0|
    |mul_16s_8ns_24_1_1_U3407   |mul_16s_8ns_24_1_1   |        0|   1|  0|   5|    0|
    |mul_16s_8ns_24_1_1_U3409   |mul_16s_8ns_24_1_1   |        0|   1|  0|   5|    0|
    |mul_16s_8ns_24_1_1_U3411   |mul_16s_8ns_24_1_1   |        0|   1|  0|   5|    0|
    |mul_16s_8ns_24_1_1_U3422   |mul_16s_8ns_24_1_1   |        0|   1|  0|   5|    0|
    |mul_16s_8ns_24_1_1_U3431   |mul_16s_8ns_24_1_1   |        0|   1|  0|   5|    0|
    |mul_16s_8ns_24_1_1_U3435   |mul_16s_8ns_24_1_1   |        0|   1|  0|   5|    0|
    |mul_16s_8ns_24_1_1_U3447   |mul_16s_8ns_24_1_1   |        0|   1|  0|   5|    0|
    |mul_16s_8ns_24_1_1_U3450   |mul_16s_8ns_24_1_1   |        0|   1|  0|   5|    0|
    |mul_16s_8ns_24_1_1_U3454   |mul_16s_8ns_24_1_1   |        0|   1|  0|   5|    0|
    |mul_16s_8ns_24_1_1_U3469   |mul_16s_8ns_24_1_1   |        0|   1|  0|   5|    0|
    |mul_16s_8s_24_1_1_U3347    |mul_16s_8s_24_1_1    |        0|   1|  0|   5|    0|
    |mul_16s_8s_24_1_1_U3348    |mul_16s_8s_24_1_1    |        0|   1|  0|   5|    0|
    |mul_16s_8s_24_1_1_U3351    |mul_16s_8s_24_1_1    |        0|   1|  0|   5|    0|
    |mul_16s_8s_24_1_1_U3378    |mul_16s_8s_24_1_1    |        0|   1|  0|   5|    0|
    |mul_16s_8s_24_1_1_U3388    |mul_16s_8s_24_1_1    |        0|   1|  0|   5|    0|
    |mul_16s_8s_24_1_1_U3400    |mul_16s_8s_24_1_1    |        0|   1|  0|   5|    0|
    |mul_16s_8s_24_1_1_U3413    |mul_16s_8s_24_1_1    |        0|   1|  0|   5|    0|
    |mul_16s_8s_24_1_1_U3421    |mul_16s_8s_24_1_1    |        0|   1|  0|   5|    0|
    |mul_16s_8s_24_1_1_U3442    |mul_16s_8s_24_1_1    |        0|   1|  0|   5|    0|
    |mul_16s_8s_24_1_1_U3468    |mul_16s_8s_24_1_1    |        0|   1|  0|   5|    0|
    |mul_16s_9ns_25_1_1_U3353   |mul_16s_9ns_25_1_1   |        0|   1|  0|   5|    0|
    |mul_16s_9ns_25_1_1_U3354   |mul_16s_9ns_25_1_1   |        0|   1|  0|   5|    0|
    |mul_16s_9ns_25_1_1_U3357   |mul_16s_9ns_25_1_1   |        0|   1|  0|   5|    0|
    |mul_16s_9ns_25_1_1_U3358   |mul_16s_9ns_25_1_1   |        0|   1|  0|   5|    0|
    |mul_16s_9ns_25_1_1_U3363   |mul_16s_9ns_25_1_1   |        0|   1|  0|   5|    0|
    |mul_16s_9ns_25_1_1_U3383   |mul_16s_9ns_25_1_1   |        0|   1|  0|   5|    0|
    |mul_16s_9ns_25_1_1_U3386   |mul_16s_9ns_25_1_1   |        0|   1|  0|   5|    0|
    |mul_16s_9ns_25_1_1_U3390   |mul_16s_9ns_25_1_1   |        0|   1|  0|   5|    0|
    |mul_16s_9ns_25_1_1_U3391   |mul_16s_9ns_25_1_1   |        0|   1|  0|   5|    0|
    |mul_16s_9ns_25_1_1_U3393   |mul_16s_9ns_25_1_1   |        0|   1|  0|   5|    0|
    |mul_16s_9ns_25_1_1_U3397   |mul_16s_9ns_25_1_1   |        0|   1|  0|   5|    0|
    |mul_16s_9ns_25_1_1_U3408   |mul_16s_9ns_25_1_1   |        0|   1|  0|   5|    0|
    |mul_16s_9ns_25_1_1_U3414   |mul_16s_9ns_25_1_1   |        0|   1|  0|   5|    0|
    |mul_16s_9ns_25_1_1_U3428   |mul_16s_9ns_25_1_1   |        0|   1|  0|   5|    0|
    |mul_16s_9ns_25_1_1_U3434   |mul_16s_9ns_25_1_1   |        0|   1|  0|   5|    0|
    |mul_16s_9ns_25_1_1_U3439   |mul_16s_9ns_25_1_1   |        0|   1|  0|   5|    0|
    |mul_16s_9ns_25_1_1_U3444   |mul_16s_9ns_25_1_1   |        0|   1|  0|   5|    0|
    |mul_16s_9ns_25_1_1_U3445   |mul_16s_9ns_25_1_1   |        0|   1|  0|   5|    0|
    |mul_16s_9ns_25_1_1_U3451   |mul_16s_9ns_25_1_1   |        0|   1|  0|   5|    0|
    |mul_16s_9ns_25_1_1_U3458   |mul_16s_9ns_25_1_1   |        0|   1|  0|   5|    0|
    |mul_16s_9ns_25_1_1_U3460   |mul_16s_9ns_25_1_1   |        0|   1|  0|   5|    0|
    |mul_16s_9s_25_1_1_U3345    |mul_16s_9s_25_1_1    |        0|   1|  0|   5|    0|
    |mul_16s_9s_25_1_1_U3359    |mul_16s_9s_25_1_1    |        0|   1|  0|   5|    0|
    |mul_16s_9s_25_1_1_U3361    |mul_16s_9s_25_1_1    |        0|   1|  0|   5|    0|
    |mul_16s_9s_25_1_1_U3364    |mul_16s_9s_25_1_1    |        0|   1|  0|   5|    0|
    |mul_16s_9s_25_1_1_U3394    |mul_16s_9s_25_1_1    |        0|   1|  0|   5|    0|
    |mul_16s_9s_25_1_1_U3395    |mul_16s_9s_25_1_1    |        0|   1|  0|   5|    0|
    |mul_16s_9s_25_1_1_U3402    |mul_16s_9s_25_1_1    |        0|   1|  0|   5|    0|
    |mul_16s_9s_25_1_1_U3412    |mul_16s_9s_25_1_1    |        0|   1|  0|   5|    0|
    |mul_16s_9s_25_1_1_U3415    |mul_16s_9s_25_1_1    |        0|   1|  0|   5|    0|
    |mul_16s_9s_25_1_1_U3433    |mul_16s_9s_25_1_1    |        0|   1|  0|   5|    0|
    |mul_16s_9s_25_1_1_U3438    |mul_16s_9s_25_1_1    |        0|   1|  0|   5|    0|
    |mul_16s_9s_25_1_1_U3440    |mul_16s_9s_25_1_1    |        0|   1|  0|   5|    0|
    |mul_16s_9s_25_1_1_U3443    |mul_16s_9s_25_1_1    |        0|   1|  0|   5|    0|
    |mul_16s_9s_25_1_1_U3449    |mul_16s_9s_25_1_1    |        0|   1|  0|   5|    0|
    |mul_16s_9s_25_1_1_U3457    |mul_16s_9s_25_1_1    |        0|   1|  0|   5|    0|
    |mul_16s_9s_25_1_1_U3462    |mul_16s_9s_25_1_1    |        0|   1|  0|   5|    0|
    |mul_16s_9s_25_1_1_U3470    |mul_16s_9s_25_1_1    |        0|   1|  0|   5|    0|
    +---------------------------+---------------------+---------+----+---+----+-----+
    |Total                      |                     |        0| 129|  0| 645|    0|
    +---------------------------+---------------------+---------+----+---+----+-----+

    * DSP: 
    N/A

    * Memory: 
    N/A

    * FIFO: 
    N/A

    * Expression: 
    +--------------------------+----------+----+---+----+------------+------------+
    |       Variable Name      | Operation| DSP| FF| LUT| Bitwidth P0| Bitwidth P1|
    +--------------------------+----------+----+---+----+------------+------------+
    |add_ln58_100_fu_88183_p2  |         +|   0|  0|  23|          16|          16|
    |add_ln58_101_fu_88189_p2  |         +|   0|  0|  16|          16|          16|
    |add_ln58_102_fu_88195_p2  |         +|   0|  0|  16|          16|          16|
    |add_ln58_103_fu_88201_p2  |         +|   0|  0|  23|          16|          16|
    |add_ln58_104_fu_88207_p2  |         +|   0|  0|  23|          16|          16|
    |add_ln58_105_fu_88213_p2  |         +|   0|  0|  16|          16|          16|
    |add_ln58_106_fu_88219_p2  |         +|   0|  0|  16|          16|          16|
    |add_ln58_107_fu_88225_p2  |         +|   0|  0|  23|          16|          16|
    |add_ln58_108_fu_88231_p2  |         +|   0|  0|  16|          16|          16|
    |add_ln58_109_fu_88237_p2  |         +|   0|  0|  16|          16|          16|
    |add_ln58_10_fu_87547_p2   |         +|   0|  0|  16|          16|          16|
    |add_ln58_110_fu_88243_p2  |         +|   0|  0|  16|          16|          16|
    |add_ln58_111_fu_88249_p2  |         +|   0|  0|  22|          15|          15|
    |add_ln58_112_fu_88259_p2  |         +|   0|  0|  22|          15|          15|
    |add_ln58_113_fu_88269_p2  |         +|   0|  0|  23|          16|          16|
    |add_ln58_114_fu_88275_p2  |         +|   0|  0|  22|          15|          15|
    |add_ln58_115_fu_88285_p2  |         +|   0|  0|  22|          15|          15|
    |add_ln58_116_fu_88295_p2  |         +|   0|  0|  23|          16|          16|
    |add_ln58_117_fu_88301_p2  |         +|   0|  0|  16|          16|          16|
    |add_ln58_118_fu_88307_p2  |         +|   0|  0|  22|          15|          15|
    |add_ln58_119_fu_88317_p2  |         +|   0|  0|  22|          15|          15|
    |add_ln58_11_fu_87553_p2   |         +|   0|  0|  23|          16|          16|
    |add_ln58_120_fu_88327_p2  |         +|   0|  0|  16|          16|          16|
    |add_ln58_121_fu_88333_p2  |         +|   0|  0|  21|          14|          14|
    |add_ln58_122_fu_88343_p2  |         +|   0|  0|  20|          13|           9|
    |add_ln58_123_fu_88353_p2  |         +|   0|  0|  21|          14|          14|
    |add_ln58_124_fu_88363_p2  |         +|   0|  0|  22|          15|          15|
    |add_ln58_125_fu_88373_p2  |         +|   0|  0|  16|          16|          16|
    |add_ln58_126_fu_88379_p2  |         +|   0|  0|  16|          16|          16|
    |add_ln58_127_fu_88385_p2  |         +|   0|  0|  16|          16|          16|
    |add_ln58_128_fu_88391_p2  |         +|   0|  0|  23|          16|          16|
    |add_ln58_129_fu_88397_p2  |         +|   0|  0|  23|          16|          16|
    |add_ln58_12_fu_87559_p2   |         +|   0|  0|  16|          16|          16|
    |add_ln58_130_fu_88403_p2  |         +|   0|  0|  16|          16|          16|
    |add_ln58_131_fu_88409_p2  |         +|   0|  0|  16|          16|          16|
    |add_ln58_132_fu_88415_p2  |         +|   0|  0|  23|          16|          16|
    |add_ln58_133_fu_88421_p2  |         +|   0|  0|  16|          16|          16|
    |add_ln58_134_fu_88427_p2  |         +|   0|  0|  16|          16|          16|
    |add_ln58_135_fu_88433_p2  |         +|   0|  0|  23|          16|          16|
    |add_ln58_136_fu_88439_p2  |         +|   0|  0|  23|          16|          16|
    |add_ln58_137_fu_88445_p2  |         +|   0|  0|  16|          16|          16|
    |add_ln58_138_fu_88451_p2  |         +|   0|  0|  16|          16|          16|
    |add_ln58_139_fu_88457_p2  |         +|   0|  0|  23|          16|          16|
    |add_ln58_13_fu_87565_p2   |         +|   0|  0|  16|          16|          16|
    |add_ln58_140_fu_88463_p2  |         +|   0|  0|  16|          16|          16|
    |add_ln58_141_fu_88469_p2  |         +|   0|  0|  16|          16|          16|
    |add_ln58_142_fu_88475_p2  |         +|   0|  0|  16|          16|          16|
    |add_ln58_143_fu_88481_p2  |         +|   0|  0|  16|          16|          16|
    |add_ln58_144_fu_88487_p2  |         +|   0|  0|  23|          16|          16|
    |add_ln58_145_fu_88493_p2  |         +|   0|  0|  16|          16|          16|
    |add_ln58_146_fu_88499_p2  |         +|   0|  0|  16|          16|          16|
    |add_ln58_147_fu_88505_p2  |         +|   0|  0|  23|          16|          16|
    |add_ln58_148_fu_88511_p2  |         +|   0|  0|  16|          16|          16|
    |add_ln58_149_fu_88517_p2  |         +|   0|  0|  16|          16|          16|
    |add_ln58_14_fu_87571_p2   |         +|   0|  0|  16|          16|          16|
    |add_ln58_150_fu_88523_p2  |         +|   0|  0|  22|          15|          15|
    |add_ln58_151_fu_88533_p2  |         +|   0|  0|  22|          15|          15|
    |add_ln58_152_fu_88543_p2  |         +|   0|  0|  16|          16|          16|
    |add_ln58_153_fu_88549_p2  |         +|   0|  0|  20|          13|          13|
    |add_ln58_154_fu_88559_p2  |         +|   0|  0|  16|           9|           5|
    |add_ln58_155_fu_88569_p2  |         +|   0|  0|  20|          13|          13|
    |add_ln58_156_fu_88579_p2  |         +|   0|  0|  21|          14|          14|
    |add_ln58_157_fu_88589_p2  |         +|   0|  0|  16|          16|          16|
    |add_ln58_158_fu_88595_p2  |         +|   0|  0|  16|          16|          16|
    |add_ln58_159_fu_88601_p2  |         +|   0|  0|  16|          16|          16|
    |add_ln58_15_fu_87577_p2   |         +|   0|  0|  16|          16|          16|
    |add_ln58_16_fu_87583_p2   |         +|   0|  0|  23|          16|          16|
    |add_ln58_17_fu_87589_p2   |         +|   0|  0|  16|          16|          16|
    |add_ln58_18_fu_87595_p2   |         +|   0|  0|  16|          16|          16|
    |add_ln58_19_fu_87601_p2   |         +|   0|  0|  22|          15|          15|
    |add_ln58_1_fu_87493_p2    |         +|   0|  0|  23|          16|          16|
    |add_ln58_20_fu_87611_p2   |         +|   0|  0|  16|          16|          16|
    |add_ln58_21_fu_87617_p2   |         +|   0|  0|  16|          16|          16|
    |add_ln58_22_fu_87623_p2   |         +|   0|  0|  22|          15|          15|
    |add_ln58_23_fu_87633_p2   |         +|   0|  0|  22|          15|          15|
    |add_ln58_24_fu_87643_p2   |         +|   0|  0|  16|          16|          16|
    |add_ln58_25_fu_87649_p2   |         +|   0|  0|  16|          15|          15|
    |add_ln58_26_fu_87655_p2   |         +|   0|  0|  19|          12|          10|
    |add_ln58_27_fu_87665_p2   |         +|   0|  0|  20|          13|          13|
    |add_ln58_28_fu_87675_p2   |         +|   0|  0|  16|          15|          15|
    |add_ln58_29_fu_87685_p2   |         +|   0|  0|  16|          16|          16|
    |add_ln58_2_fu_87499_p2    |         +|   0|  0|  16|          16|          16|
    |add_ln58_30_fu_87691_p2   |         +|   0|  0|  16|          16|          16|
    |add_ln58_31_fu_87697_p2   |         +|   0|  0|  16|          16|          16|
    |add_ln58_32_fu_87703_p2   |         +|   0|  0|  23|          16|          16|
    |add_ln58_33_fu_87709_p2   |         +|   0|  0|  23|          16|          16|
    |add_ln58_34_fu_87715_p2   |         +|   0|  0|  16|          16|          16|
    |add_ln58_35_fu_87721_p2   |         +|   0|  0|  16|          16|          16|
    |add_ln58_36_fu_87727_p2   |         +|   0|  0|  23|          16|          16|
    |add_ln58_37_fu_87733_p2   |         +|   0|  0|  16|          16|          16|
    |add_ln58_38_fu_87739_p2   |         +|   0|  0|  16|          16|          16|
    |add_ln58_39_fu_87745_p2   |         +|   0|  0|  23|          16|          16|
    |add_ln58_3_fu_87505_p2    |         +|   0|  0|  16|          16|          16|
    |add_ln58_40_fu_87751_p2   |         +|   0|  0|  23|          16|          16|
    |add_ln58_41_fu_87757_p2   |         +|   0|  0|  16|          16|          16|
    |add_ln58_42_fu_87763_p2   |         +|   0|  0|  16|          16|          16|
    |add_ln58_43_fu_87769_p2   |         +|   0|  0|  23|          16|          16|
    |add_ln58_44_fu_87775_p2   |         +|   0|  0|  16|          16|          16|
    |add_ln58_45_fu_87781_p2   |         +|   0|  0|  16|          16|          16|
    |add_ln58_46_fu_87787_p2   |         +|   0|  0|  16|          16|          16|
    |add_ln58_47_fu_87793_p2   |         +|   0|  0|  16|          16|          16|
    |add_ln58_48_fu_87799_p2   |         +|   0|  0|  22|          15|          15|
    |add_ln58_49_fu_87809_p2   |         +|   0|  0|  16|          16|          16|
    |add_ln58_4_fu_87511_p2    |         +|   0|  0|  23|          16|          16|
    |add_ln58_50_fu_87815_p2   |         +|   0|  0|  22|          15|          15|
    |add_ln58_51_fu_87825_p2   |         +|   0|  0|  21|          14|          14|
    |add_ln58_52_fu_87835_p2   |         +|   0|  0|  23|          16|          16|
    |add_ln58_53_fu_87841_p2   |         +|   0|  0|  16|          16|          16|
    |add_ln58_54_fu_87847_p2   |         +|   0|  0|  21|          14|          14|
    |add_ln58_55_fu_87857_p2   |         +|   0|  0|  20|          13|          13|
    |add_ln58_56_fu_87867_p2   |         +|   0|  0|  22|          15|          15|
    |add_ln58_57_fu_87877_p2   |         +|   0|  0|  20|          13|          13|
    |add_ln58_58_fu_87887_p2   |         +|   0|  0|  18|          11|           8|
    |add_ln58_59_fu_87897_p2   |         +|   0|  0|  19|          12|          12|
    |add_ln58_5_fu_87517_p2    |         +|   0|  0|  16|          16|          16|
    |add_ln58_60_fu_87907_p2   |         +|   0|  0|  21|          14|          14|
    |add_ln58_61_fu_87917_p2   |         +|   0|  0|  23|          16|          16|
    |add_ln58_62_fu_87923_p2   |         +|   0|  0|  16|          16|          16|
    |add_ln58_63_fu_87929_p2   |         +|   0|  0|  16|          16|          16|
    |add_ln58_64_fu_87935_p2   |         +|   0|  0|  23|          16|          16|
    |add_ln58_65_fu_87941_p2   |         +|   0|  0|  23|          16|          16|
    |add_ln58_66_fu_87947_p2   |         +|   0|  0|  16|          16|          16|
    |add_ln58_67_fu_87953_p2   |         +|   0|  0|  16|          16|          16|
    |add_ln58_68_fu_87959_p2   |         +|   0|  0|  23|          16|          16|
    |add_ln58_69_fu_87965_p2   |         +|   0|  0|  16|          16|          16|
    |add_ln58_6_fu_87523_p2    |         +|   0|  0|  16|          16|          16|
    |add_ln58_70_fu_87971_p2   |         +|   0|  0|  16|          16|          16|
    |add_ln58_71_fu_87977_p2   |         +|   0|  0|  23|          16|          16|
    |add_ln58_72_fu_87983_p2   |         +|   0|  0|  23|          16|          16|
    |add_ln58_73_fu_87989_p2   |         +|   0|  0|  16|          16|          16|
    |add_ln58_74_fu_87995_p2   |         +|   0|  0|  16|          16|          16|
    |add_ln58_75_fu_88001_p2   |         +|   0|  0|  23|          16|          16|
    |add_ln58_76_fu_88007_p2   |         +|   0|  0|  16|          16|          16|
    |add_ln58_77_fu_88013_p2   |         +|   0|  0|  16|          16|          16|
    |add_ln58_78_fu_88019_p2   |         +|   0|  0|  16|          16|          16|
    |add_ln58_79_fu_88025_p2   |         +|   0|  0|  16|          16|          16|
    |add_ln58_7_fu_87529_p2    |         +|   0|  0|  23|          16|          16|
    |add_ln58_80_fu_88031_p2   |         +|   0|  0|  23|          16|          16|
    |add_ln58_81_fu_88037_p2   |         +|   0|  0|  16|          16|          16|
    |add_ln58_82_fu_88043_p2   |         +|   0|  0|  16|          16|          16|
    |add_ln58_83_fu_88049_p2   |         +|   0|  0|  22|          15|          15|
    |add_ln58_84_fu_88059_p2   |         +|   0|  0|  16|          16|          16|
    |add_ln58_85_fu_88065_p2   |         +|   0|  0|  16|          16|          16|
    |add_ln58_86_fu_88071_p2   |         +|   0|  0|  21|          14|          14|
    |add_ln58_87_fu_88081_p2   |         +|   0|  0|  21|          14|          14|
    |add_ln58_88_fu_88091_p2   |         +|   0|  0|  22|          15|          15|
    |add_ln58_89_fu_88101_p2   |         +|   0|  0|  19|          12|          12|
    |add_ln58_8_fu_87535_p2    |         +|   0|  0|  23|          16|          16|
    |add_ln58_90_fu_88111_p2   |         +|   0|  0|  18|          11|           9|
    |add_ln58_91_fu_88121_p2   |         +|   0|  0|  19|          12|          12|
    |add_ln58_92_fu_88131_p2   |         +|   0|  0|  20|          13|          13|
    |add_ln58_93_fu_88141_p2   |         +|   0|  0|  23|          16|          16|
    |add_ln58_94_fu_88147_p2   |         +|   0|  0|  16|          16|          16|
    |add_ln58_95_fu_88153_p2   |         +|   0|  0|  16|          16|          16|
    |add_ln58_96_fu_88159_p2   |         +|   0|  0|  23|          16|          16|
    |add_ln58_97_fu_88165_p2   |         +|   0|  0|  23|          16|          16|
    |add_ln58_98_fu_88171_p2   |         +|   0|  0|  16|          16|          16|
    |add_ln58_99_fu_88177_p2   |         +|   0|  0|  16|          16|          16|
    |add_ln58_9_fu_87541_p2    |         +|   0|  0|  16|          16|          16|
    |add_ln58_fu_87487_p2      |         +|   0|  0|  23|          16|          16|
    |add_ln73_1_fu_84779_p2    |         +|   0|  0|  31|          24|          24|
    |add_ln73_2_fu_85186_p2    |         +|   0|  0|  32|          25|          25|
    |add_ln73_3_fu_85902_p2    |         +|   0|  0|  27|          20|          20|
    |add_ln73_4_fu_86521_p2    |         +|   0|  0|  31|          24|          24|
    |add_ln73_5_fu_87222_p2    |         +|   0|  0|  33|          26|          26|
    |add_ln73_fu_84345_p2      |         +|   0|  0|  32|          25|          25|
    |sub_ln73_10_fu_85465_p2   |         -|   0|  0|  24|          24|          24|
    |sub_ln73_11_fu_85629_p2   |         -|   0|  0|  32|          25|          25|
    |sub_ln73_12_fu_85661_p2   |         -|   0|  0|  25|           1|          18|
    |sub_ln73_13_fu_85812_p2   |         -|   0|  0|  26|           1|          26|
    |sub_ln73_14_fu_85830_p2   |         -|   0|  0|  26|          26|          26|
    |sub_ln73_15_fu_85934_p2   |         -|   0|  0|  27|          20|          20|
    |sub_ln73_16_fu_85980_p2   |         -|   0|  0|  26|           1|          26|
    |sub_ln73_17_fu_85990_p2   |         -|   0|  0|  26|          26|          26|
    |sub_ln73_18_fu_86052_p2   |         -|   0|  0|  30|           1|          23|
    |sub_ln73_19_fu_86273_p2   |         -|   0|  0|  24|           1|          24|
    |sub_ln73_1_fu_84498_p2    |         -|   0|  0|  29|          22|          22|
    |sub_ln73_20_fu_86291_p2   |         -|   0|  0|  24|          24|          24|
    |sub_ln73_21_fu_86375_p2   |         -|   0|  0|  28|          21|          21|
    |sub_ln73_22_fu_86577_p2   |         -|   0|  0|  29|           1|          22|
    |sub_ln73_23_fu_86821_p2   |         -|   0|  0|  28|          21|          21|
    |sub_ln73_24_fu_86975_p2   |         -|   0|  0|  21|           1|          21|
    |sub_ln73_25_fu_86981_p2   |         -|   0|  0|  21|          21|          21|
    |sub_ln73_26_fu_87055_p2   |         -|   0|  0|  26|           1|          26|
    |sub_ln73_27_fu_87073_p2   |         -|   0|  0|  26|          26|          26|
    |sub_ln73_28_fu_87345_p2   |         -|   0|  0|  32|           1|          25|
    |sub_ln73_29_fu_87443_p2   |         -|   0|  0|  32|          25|          25|
    |sub_ln73_2_fu_84586_p2    |         -|   0|  0|  31|          24|          24|
    |sub_ln73_3_fu_84690_p2    |         -|   0|  0|  23|           1|          23|
    |sub_ln73_4_fu_84708_p2    |         -|   0|  0|  23|          23|          23|
    |sub_ln73_5_fu_85002_p2    |         -|   0|  0|  30|          23|          23|
    |sub_ln73_6_fu_85086_p2    |         -|   0|  0|  29|           1|          22|
    |sub_ln73_7_fu_85365_p2    |         -|   0|  0|  28|          21|          21|
    |sub_ln73_8_fu_85409_p2    |         -|   0|  0|  32|          25|          25|
    |sub_ln73_9_fu_85455_p2    |         -|   0|  0|  24|           1|          24|
    |sub_ln73_fu_84424_p2      |         -|   0|  0|  31|          24|          24|
    +--------------------------+----------+----+---+----+------------+------------+
    |Total                     |          |   0|  0|4018|        3048|        3301|
    +--------------------------+----------+----+---+----+------------+------------+

    * Multiplexer: 
    N/A

    * Register: 
    N/A



================================================================
== Interface
================================================================
* Summary: 
+-------------+-----+-----+------------+----------------------------------------------------------------------------+--------------+
|  RTL Ports  | Dir | Bits|  Protocol  |                                Source Object                               |    C Type    |
+-------------+-----+-----+------------+----------------------------------------------------------------------------+--------------+
|ap_ready     |  out|    1|  ap_ctrl_hs|  dense_latency<ap_fixed<16, 6, 5, 3, 0>, ap_fixed<16, 6, 5, 3, 0>, config8>|  return value|
|ap_return_0  |  out|   16|  ap_ctrl_hs|  dense_latency<ap_fixed<16, 6, 5, 3, 0>, ap_fixed<16, 6, 5, 3, 0>, config8>|  return value|
|ap_return_1  |  out|   16|  ap_ctrl_hs|  dense_latency<ap_fixed<16, 6, 5, 3, 0>, ap_fixed<16, 6, 5, 3, 0>, config8>|  return value|
|ap_return_2  |  out|   16|  ap_ctrl_hs|  dense_latency<ap_fixed<16, 6, 5, 3, 0>, ap_fixed<16, 6, 5, 3, 0>, config8>|  return value|
|ap_return_3  |  out|   16|  ap_ctrl_hs|  dense_latency<ap_fixed<16, 6, 5, 3, 0>, ap_fixed<16, 6, 5, 3, 0>, config8>|  return value|
|ap_return_4  |  out|   16|  ap_ctrl_hs|  dense_latency<ap_fixed<16, 6, 5, 3, 0>, ap_fixed<16, 6, 5, 3, 0>, config8>|  return value|
|ap_rst       |   in|    1|  ap_ctrl_hs|  dense_latency<ap_fixed<16, 6, 5, 3, 0>, ap_fixed<16, 6, 5, 3, 0>, config8>|  return value|
|data_0_val   |   in|   16|     ap_none|                                                                  data_0_val|        scalar|
|data_1_val   |   in|   16|     ap_none|                                                                  data_1_val|        scalar|
|data_2_val   |   in|   16|     ap_none|                                                                  data_2_val|        scalar|
|data_3_val   |   in|   16|     ap_none|                                                                  data_3_val|        scalar|
|data_4_val   |   in|   16|     ap_none|                                                                  data_4_val|        scalar|
|data_5_val   |   in|   16|     ap_none|                                                                  data_5_val|        scalar|
|data_6_val   |   in|   16|     ap_none|                                                                  data_6_val|        scalar|
|data_7_val   |   in|   16|     ap_none|                                                                  data_7_val|        scalar|
|data_8_val   |   in|   16|     ap_none|                                                                  data_8_val|        scalar|
|data_9_val   |   in|   16|     ap_none|                                                                  data_9_val|        scalar|
|data_10_val  |   in|   16|     ap_none|                                                                 data_10_val|        scalar|
|data_11_val  |   in|   16|     ap_none|                                                                 data_11_val|        scalar|
|data_12_val  |   in|   16|     ap_none|                                                                 data_12_val|        scalar|
|data_13_val  |   in|   16|     ap_none|                                                                 data_13_val|        scalar|
|data_14_val  |   in|   16|     ap_none|                                                                 data_14_val|        scalar|
|data_15_val  |   in|   16|     ap_none|                                                                 data_15_val|        scalar|
|data_16_val  |   in|   16|     ap_none|                                                                 data_16_val|        scalar|
|data_17_val  |   in|   16|     ap_none|                                                                 data_17_val|        scalar|
|data_18_val  |   in|   16|     ap_none|                                                                 data_18_val|        scalar|
|data_19_val  |   in|   16|     ap_none|                                                                 data_19_val|        scalar|
|data_20_val  |   in|   16|     ap_none|                                                                 data_20_val|        scalar|
|data_21_val  |   in|   16|     ap_none|                                                                 data_21_val|        scalar|
|data_22_val  |   in|   16|     ap_none|                                                                 data_22_val|        scalar|
|data_23_val  |   in|   16|     ap_none|                                                                 data_23_val|        scalar|
|data_24_val  |   in|   16|     ap_none|                                                                 data_24_val|        scalar|
|data_25_val  |   in|   16|     ap_none|                                                                 data_25_val|        scalar|
|data_26_val  |   in|   16|     ap_none|                                                                 data_26_val|        scalar|
|data_27_val  |   in|   16|     ap_none|                                                                 data_27_val|        scalar|
|data_28_val  |   in|   16|     ap_none|                                                                 data_28_val|        scalar|
|data_29_val  |   in|   16|     ap_none|                                                                 data_29_val|        scalar|
|data_30_val  |   in|   16|     ap_none|                                                                 data_30_val|        scalar|
|data_31_val  |   in|   16|     ap_none|                                                                 data_31_val|        scalar|
+-------------+-----+-----+------------+----------------------------------------------------------------------------+--------------+

