

================================================================
== Vitis HLS Report for 'myproject'
================================================================
* Date:           Tue Sep 29 13:25:42 2026

* Version:        2025.2 (Build 6295257 on Nov 14 2025)
* Project:        myproject_prj
* Solution:       solution1 (Vivado IP Flow Target)
* Product family: zynquplus
* Target device:  xczu7ev-ffvc1156-2-e


================================================================
== Performance Estimates
================================================================
+ Timing: 
    * Summary: 
    +--------+----------+----------+------------+
    |  Clock |  Target  | Estimated| Uncertainty|
    +--------+----------+----------+------------+
    |ap_clk  |  10.00 ns|  7.023 ns|     2.70 ns|
    +--------+----------+----------+------------+

+ Latency: 
    * Summary: 
    +---------+---------+----------+----------+-----+-----+----------+
    |  Latency (cycles) |  Latency (absolute) |  Interval | Pipeline |
    |   min   |   max   |    min   |    max   | min | max |   Type   |
    +---------+---------+----------+----------+-----+-----+----------+
    |       20|       20|  0.200 us|  0.200 us|    7|    7|  dataflow|
    +---------+---------+----------+----------+-----+-----+----------+

    + Detail: 
        * Instance: 
        +-----------------------------------------------------------------------+----------------------------------------------------------------------+---------+---------+-----------+-----------+-----+-----+---------+
        |                                                                       |                                                                      |  Latency (cycles) |   Latency (absolute)  |  Interval | Pipeline|
        |                                Instance                               |                                Module                                |   min   |   max   |    min    |    max    | min | max |   Type  |
        +-----------------------------------------------------------------------+----------------------------------------------------------------------+---------+---------+-----------+-----------+-----+-----+---------+
        |dense_array_ap_fixed_16u_array_ap_fixed_16_6_5_3_0_64u_config2_U0      |dense_array_ap_fixed_16u_array_ap_fixed_16_6_5_3_0_64u_config2_s      |        1|        1|  10.000 ns|  10.000 ns|    1|    1|       no|
        |relu_array_ap_fixed_64u_array_ap_fixed_16_6_5_3_0_64u_relu_config3_U0  |relu_array_ap_fixed_64u_array_ap_fixed_16_6_5_3_0_64u_relu_config3_s  |        0|        0|       0 ns|       0 ns|    0|    0|       no|
        |dense_array_ap_fixed_64u_array_ap_fixed_16_6_5_3_0_32u_config4_U0      |dense_array_ap_fixed_64u_array_ap_fixed_16_6_5_3_0_32u_config4_s      |        2|        2|  20.000 ns|  20.000 ns|    2|    2|       no|
        |relu_array_ap_fixed_32u_array_ap_fixed_16_6_5_3_0_32u_relu_config5_U0  |relu_array_ap_fixed_32u_array_ap_fixed_16_6_5_3_0_32u_relu_config5_s  |        0|        0|       0 ns|       0 ns|    0|    0|       no|
        |dense_array_ap_fixed_32u_array_ap_fixed_16_6_5_3_0_32u_config6_U0      |dense_array_ap_fixed_32u_array_ap_fixed_16_6_5_3_0_32u_config6_s      |        2|        2|  20.000 ns|  20.000 ns|    2|    2|       no|
        |relu_array_ap_fixed_32u_array_ap_fixed_16_6_5_3_0_32u_relu_config7_U0  |relu_array_ap_fixed_32u_array_ap_fixed_16_6_5_3_0_32u_relu_config7_s  |        0|        0|       0 ns|       0 ns|    0|    0|       no|
        |dense_array_ap_fixed_32u_array_ap_fixed_16_6_5_3_0_5u_config8_U0       |dense_array_ap_fixed_32u_array_ap_fixed_16_6_5_3_0_5u_config8_s       |        2|        2|  20.000 ns|  20.000 ns|    2|    2|       no|
        |softmax_array_array_ap_fixed_16_6_5_3_0_5u_softmax_config9_U0          |softmax_array_array_ap_fixed_16_6_5_3_0_5u_softmax_config9_s          |        6|        6|  60.000 ns|  60.000 ns|    6|    6|       no|
        +-----------------------------------------------------------------------+----------------------------------------------------------------------+---------+---------+-----------+-----------+-----+-----+---------+

        * Loop: 
        N/A



================================================================
== Utilization Estimates
================================================================
* Summary: 
+-----------------+---------+------+--------+--------+-----+
|       Name      | BRAM_18K|  DSP |   FF   |   LUT  | URAM|
+-----------------+---------+------+--------+--------+-----+
|DSP              |        -|     -|       -|       -|    -|
|Expression       |        -|     -|       0|       2|    -|
|FIFO             |        -|     -|     693|     469|    -|
|Instance         |        4|  3334|    4434|  126793|    -|
|Memory           |        -|     -|       -|       -|    -|
|Multiplexer      |        -|     -|       -|       -|    -|
|Register         |        -|     -|       -|       -|    -|
+-----------------+---------+------+--------+--------+-----+
|Total            |        4|  3334|    5127|  127264|    0|
+-----------------+---------+------+--------+--------+-----+
|Available        |      624|  1728|  460800|  230400|   96|
+-----------------+---------+------+--------+--------+-----+
|Utilization (%)  |       ~0|   192|       1|      55|    0|
+-----------------+---------+------+--------+--------+-----+

+ Detail: 
    * Instance: 
    +-----------------------------------------------------------------------+----------------------------------------------------------------------+---------+------+------+-------+-----+
    |                                Instance                               |                                Module                                | BRAM_18K|  DSP |  FF  |  LUT  | URAM|
    +-----------------------------------------------------------------------+----------------------------------------------------------------------+---------+------+------+-------+-----+
    |dense_array_ap_fixed_16u_array_ap_fixed_16_6_5_3_0_64u_config2_U0      |dense_array_ap_fixed_16u_array_ap_fixed_16_6_5_3_0_64u_config2_s      |        0|   881|  1028|  26723|    0|
    |dense_array_ap_fixed_32u_array_ap_fixed_16_6_5_3_0_32u_config6_U0      |dense_array_ap_fixed_32u_array_ap_fixed_16_6_5_3_0_32u_config6_s      |        0|   810|  1029|  29141|    0|
    |dense_array_ap_fixed_32u_array_ap_fixed_16_6_5_3_0_5u_config8_U0       |dense_array_ap_fixed_32u_array_ap_fixed_16_6_5_3_0_5u_config8_s       |        0|   129|   597|   4721|    0|
    |dense_array_ap_fixed_64u_array_ap_fixed_16_6_5_3_0_32u_config4_U0      |dense_array_ap_fixed_64u_array_ap_fixed_16_6_5_3_0_32u_config4_s      |        0|  1509|  1576|  60766|    0|
    |relu_array_ap_fixed_32u_array_ap_fixed_16_6_5_3_0_32u_relu_config5_U0  |relu_array_ap_fixed_32u_array_ap_fixed_16_6_5_3_0_32u_relu_config5_s  |        0|     0|     3|   1254|    0|
    |relu_array_ap_fixed_32u_array_ap_fixed_16_6_5_3_0_32u_relu_config7_U0  |relu_array_ap_fixed_32u_array_ap_fixed_16_6_5_3_0_32u_relu_config7_s  |        0|     0|     3|   1254|    0|
    |relu_array_ap_fixed_64u_array_ap_fixed_16_6_5_3_0_64u_relu_config3_U0  |relu_array_ap_fixed_64u_array_ap_fixed_16_6_5_3_0_64u_relu_config3_s  |        0|     0|     3|   2470|    0|
    |softmax_array_array_ap_fixed_16_6_5_3_0_5u_softmax_config9_U0          |softmax_array_array_ap_fixed_16_6_5_3_0_5u_softmax_config9_s          |        4|     5|   195|    464|    0|
    +-----------------------------------------------------------------------+----------------------------------------------------------------------+---------+------+------+-------+-----+
    |Total                                                                  |                                                                      |        4|  3334|  4434| 126793|    0|
    +-----------------------------------------------------------------------+----------------------------------------------------------------------+---------+------+------+-------+-----+

    * DSP: 
    N/A

    * Memory: 
    N/A

    * FIFO: 
    +--------------+---------+----+----+-----+------+------+---------+
    |     Name     | BRAM_18K| FF | LUT| URAM| Depth| Bits | Size:D*B|
    +--------------+---------+----+----+-----+------+------+---------+
    |layer2_out_U  |        0|  99|   0|    -|     1|  1024|     1024|
    |layer3_out_U  |        0|  99|   0|    -|     1|  1024|     1024|
    |layer4_out_U  |        0|  99|   0|    -|     1|   512|      512|
    |layer5_out_U  |        0|  99|   0|    -|     1|   512|      512|
    |layer6_out_U  |        0|  99|   0|    -|     1|   512|      512|
    |layer7_out_U  |        0|  99|   0|    -|     1|   512|      512|
    |layer8_out_U  |        0|  99|   0|    -|     1|    80|       80|
    +--------------+---------+----+----+-----+------+------+---------+
    |Total         |        0| 693|   0|    0|     7|  4176|     4176|
    +--------------+---------+----+----+-----+------+------+---------+

    * Expression: 
    +--------------+----------+----+---+----+------------+------------+
    | Variable Name| Operation| DSP| FF| LUT| Bitwidth P0| Bitwidth P1|
    +--------------+----------+----+---+----+------------+------------+
    |ap_idle       |       and|   0|  0|   2|           1|           1|
    +--------------+----------+----+---+----+------------+------------+
    |Total         |          |   0|  0|   2|           1|           1|
    +--------------+----------+----+---+----+------------+------------+

    * Multiplexer: 
    N/A

    * Register: 
    N/A



================================================================
== Interface
================================================================
* Summary: 
+-------------------+-----+-----+------------+--------------+--------------+
|     RTL Ports     | Dir | Bits|  Protocol  | Source Object|    C Type    |
+-------------------+-----+-----+------------+--------------+--------------+
|input_1_TDATA      |   in|  256|        axis|       input_1|       pointer|
|input_1_TVALID     |   in|    1|        axis|       input_1|       pointer|
|input_1_TREADY     |  out|    1|        axis|       input_1|       pointer|
|layer9_out_TDATA   |  out|   80|        axis|    layer9_out|       pointer|
|layer9_out_TVALID  |  out|    1|        axis|    layer9_out|       pointer|
|layer9_out_TREADY  |   in|    1|        axis|    layer9_out|       pointer|
|ap_clk             |   in|    1|  ap_ctrl_hs|     myproject|  return value|
|ap_rst_n           |   in|    1|  ap_ctrl_hs|     myproject|  return value|
|ap_start           |   in|    1|  ap_ctrl_hs|     myproject|  return value|
|ap_done            |  out|    1|  ap_ctrl_hs|     myproject|  return value|
|ap_ready           |  out|    1|  ap_ctrl_hs|     myproject|  return value|
|ap_idle            |  out|    1|  ap_ctrl_hs|     myproject|  return value|
+-------------------+-----+-----+------------+--------------+--------------+

