

================================================================
== Vitis HLS Report for 'softmax_stable_array_array_ap_fixed_16_6_5_3_0_5u_softmax_config9_s'
================================================================
* Date:           Tue Sep 29 13:25:42 2026

* Version:        2025.2 (Build 6295257 on Nov 14 2025)
* Project:        myproject_prj
* Solution:       solution1 (Vivado IP Flow Target)
* Product family: zynquplus
* Target device:  xczu7ev-ffvc1156-2-e


================================================================
== Performance Estimates
================================================================
+ Timing: 
    * Summary: 
    +--------+----------+----------+------------+
    |  Clock |  Target  | Estimated| Uncertainty|
    +--------+----------+----------+------------+
    |ap_clk  |  10.00 ns|  6.247 ns|     2.70 ns|
    +--------+----------+----------+------------+

+ Latency: 
    * Summary: 
    +---------+---------+-----------+-----------+-----+-----+---------+
    |  Latency (cycles) |   Latency (absolute)  |  Interval | Pipeline|
    |   min   |   max   |    min    |    max    | min | max |   Type  |
    +---------+---------+-----------+-----------+-----+-----+---------+
    |        4|        4|  40.000 ns|  40.000 ns|    4|    4|       no|
    +---------+---------+-----------+-----------+-----+-----+---------+

    + Detail: 
        * Instance: 
        N/A

        * Loop: 
        N/A



================================================================
== Utilization Estimates
================================================================
* Summary: 
+-----------------+---------+------+--------+--------+-----+
|       Name      | BRAM_18K|  DSP |   FF   |   LUT  | URAM|
+-----------------+---------+------+--------+--------+-----+
|DSP              |        -|     -|       -|       -|    -|
|Expression       |        -|     -|       0|     348|    -|
|FIFO             |        -|     -|       -|       -|    -|
|Instance         |        -|     5|       0|      25|    -|
|Memory           |        4|     -|       0|       0|    -|
|Multiplexer      |        -|     -|       0|      49|    -|
|Register         |        -|     -|     110|       -|    -|
+-----------------+---------+------+--------+--------+-----+
|Total            |        4|     5|     110|     422|    0|
+-----------------+---------+------+--------+--------+-----+
|Available        |      624|  1728|  460800|  230400|   96|
+-----------------+---------+------+--------+--------+-----+
|Utilization (%)  |       ~0|    ~0|      ~0|      ~0|    0|
+-----------------+---------+------+--------+--------+-----+

+ Detail: 
    * Instance: 
    +---------------------------+---------------------+---------+----+---+----+-----+
    |          Instance         |        Module       | BRAM_18K| DSP| FF| LUT| URAM|
    +---------------------------+---------------------+---------+----+---+----+-----+
    |mul_18s_11ns_26_1_1_U3507  |mul_18s_11ns_26_1_1  |        0|   1|  0|   5|    0|
    |mul_18s_11ns_26_1_1_U3508  |mul_18s_11ns_26_1_1  |        0|   1|  0|   5|    0|
    |mul_18s_11ns_26_1_1_U3509  |mul_18s_11ns_26_1_1  |        0|   1|  0|   5|    0|
    |mul_18s_11ns_26_1_1_U3510  |mul_18s_11ns_26_1_1  |        0|   1|  0|   5|    0|
    |mul_18s_11ns_26_1_1_U3511  |mul_18s_11ns_26_1_1  |        0|   1|  0|   5|    0|
    +---------------------------+---------------------+---------+----+---+----+-----+
    |Total                      |                     |        0|   5|  0|  25|    0|
    +---------------------------+---------------------+---------+----+---+----+-----+

    * DSP: 
    N/A

    * Memory: 
    +----------------+----------------------------------------------------------------------------------+---------+---+----+-----+------+-----+------+-------------+
    |     Memory     |                                      Module                                      | BRAM_18K| FF| LUT| URAM| Words| Bits| Banks| W*Bits*Banks|
    +----------------+----------------------------------------------------------------------------------+---------+---+----+-----+------+-----+------+-------------+
    |exp_table_U     |softmax_stable_array_array_ap_fixed_16_6_5_3_0_5u_softmax_config9_s_exp_tablebkb  |        3|  0|   0|    0|  1024|   11|     1|        11264|
    |invert_table_U  |softmax_stable_array_array_ap_fixed_16_6_5_3_0_5u_softmax_config9_s_invert_tacud  |        1|  0|   0|    0|  1024|   18|     1|        18432|
    +----------------+----------------------------------------------------------------------------------+---------+---+----+-----+------+-----+------+-------------+
    |Total           |                                                                                  |        4|  0|   0|    0|  2048|   29|     2|        29696|
    +----------------+----------------------------------------------------------------------------------+---------+---+----+-----+------+-----+------+-------------+

    * FIFO: 
    N/A

    * Expression: 
    +-------------------------+----------+----+---+----+------------+------------+
    |      Variable Name      | Operation| DSP| FF| LUT| Bitwidth P0| Bitwidth P1|
    +-------------------------+----------+----+---+----+------------+------------+
    |add_ln51_1_fu_594_p2     |         +|   0|  0|  17|          12|          12|
    |add_ln51_2_fu_604_p2     |         +|   0|  0|  19|          12|          12|
    |add_ln51_3_fu_614_p2     |         +|   0|  0|  20|          13|          13|
    |add_ln51_fu_588_p2       |         +|   0|  0|  17|          12|          12|
    |x_1_fu_454_p2            |         -|   0|  0|  22|          15|          15|
    |x_2_fu_470_p2            |         -|   0|  0|  22|          15|          15|
    |x_3_fu_486_p2            |         -|   0|  0|  22|          15|          15|
    |x_4_fu_492_p2            |         -|   0|  0|  22|          15|          15|
    |x_fu_438_p2              |         -|   0|  0|  22|          15|          15|
    |icmp_ln66_1_fu_360_p2    |      icmp|   0|  0|  23|          16|          16|
    |icmp_ln66_2_fu_380_p2    |      icmp|   0|  0|  23|          16|          16|
    |icmp_ln66_3_fu_400_p2    |      icmp|   0|  0|  23|          16|          16|
    |icmp_ln66_fu_340_p2      |      icmp|   0|  0|  23|          16|          16|
    |ap_block_state1          |        or|   0|  0|   2|           1|           1|
    |select_ln66_1_fu_372_p3  |    select|   0|  0|  16|           1|          16|
    |select_ln66_2_fu_392_p3  |    select|   0|  0|  16|           1|          16|
    |select_ln66_3_fu_426_p3  |    select|   0|  0|  15|           1|          15|
    |select_ln66_fu_352_p3    |    select|   0|  0|  16|           1|          16|
    |xor_ln66_1_fu_366_p2     |       xor|   0|  0|   2|           1|           2|
    |xor_ln66_2_fu_386_p2     |       xor|   0|  0|   2|           1|           2|
    |xor_ln66_3_fu_406_p2     |       xor|   0|  0|   2|           1|           2|
    |xor_ln66_fu_346_p2       |       xor|   0|  0|   2|           1|           2|
    +-------------------------+----------+----+---+----+------------+------------+
    |Total                    |          |   0|  0| 348|         197|         260|
    +-------------------------+----------+----+---+----+------------+------------+

    * Multiplexer: 
    +------------------------+----+-----------+-----+-----------+
    |          Name          | LUT| Input Size| Bits| Total Bits|
    +------------------------+----+-----------+-----+-----------+
    |ap_NS_fsm               |  31|          6|    1|          6|
    |layer8_out_blk_n        |   9|          2|    1|          2|
    |layer9_out_TDATA_blk_n  |   9|          2|    1|          2|
    +------------------------+----+-----------+-----+-----------+
    |Total                   |  49|         10|    3|         10|
    +------------------------+----+-----------+-----+-----------+

    * Register: 
    +---------------+----+----+-----+-----------+
    |      Name     | FF | LUT| Bits| Const Bits|
    +---------------+----+----+-----+-----------+
    |a_1_reg_789    |  11|   0|   11|          0|
    |a_reg_779      |  11|   0|   11|          0|
    |ap_CS_fsm      |   5|   0|    5|          0|
    |b_1_reg_794    |  11|   0|   11|          0|
    |b_2_reg_799    |  11|   0|   11|          0|
    |b_reg_784      |  11|   0|   11|          0|
    |tmp_4_reg_749  |  10|   0|   10|          0|
    |tmp_5_reg_729  |  10|   0|   10|          0|
    |tmp_7_reg_734  |  10|   0|   10|          0|
    |tmp_9_reg_739  |  10|   0|   10|          0|
    |tmp_s_reg_744  |  10|   0|   10|          0|
    +---------------+----+----+-----+-----------+
    |Total          | 110|   0|  110|          0|
    +---------------+----+----+-----+-----------+



================================================================
== Interface
================================================================
* Summary: 
+---------------------------+-----+-----+------------+----------------------------------------------------------------------+--------------+
|         RTL Ports         | Dir | Bits|  Protocol  |                             Source Object                            |    C Type    |
+---------------------------+-----+-----+------------+----------------------------------------------------------------------+--------------+
|ap_clk                     |   in|    1|  ap_ctrl_hs|  softmax_stable<array,array<ap_fixed<16,6,5,3,0>,5u>,softmax_config9>|  return value|
|ap_rst                     |   in|    1|  ap_ctrl_hs|  softmax_stable<array,array<ap_fixed<16,6,5,3,0>,5u>,softmax_config9>|  return value|
|ap_start                   |   in|    1|  ap_ctrl_hs|  softmax_stable<array,array<ap_fixed<16,6,5,3,0>,5u>,softmax_config9>|  return value|
|ap_done                    |  out|    1|  ap_ctrl_hs|  softmax_stable<array,array<ap_fixed<16,6,5,3,0>,5u>,softmax_config9>|  return value|
|ap_idle                    |  out|    1|  ap_ctrl_hs|  softmax_stable<array,array<ap_fixed<16,6,5,3,0>,5u>,softmax_config9>|  return value|
|ap_ready                   |  out|    1|  ap_ctrl_hs|  softmax_stable<array,array<ap_fixed<16,6,5,3,0>,5u>,softmax_config9>|  return value|
|layer8_out_dout            |   in|   80|     ap_fifo|                                                            layer8_out|       pointer|
|layer8_out_empty_n         |   in|    1|     ap_fifo|                                                            layer8_out|       pointer|
|layer8_out_read            |  out|    1|     ap_fifo|                                                            layer8_out|       pointer|
|layer8_out_num_data_valid  |   in|    2|     ap_fifo|                                                            layer8_out|       pointer|
|layer8_out_fifo_cap        |   in|    2|     ap_fifo|                                                            layer8_out|       pointer|
|layer9_out_TDATA           |  out|   80|        axis|                                                            layer9_out|       pointer|
|layer9_out_TVALID          |  out|    1|        axis|                                                            layer9_out|       pointer|
|layer9_out_TREADY          |   in|    1|        axis|                                                            layer9_out|       pointer|
+---------------------------+-----+-----+------------+----------------------------------------------------------------------+--------------+

